// Jest Snapshot v1, https://goo.gl/fbAQLP

exports[`Test showCustomerSettingsAsync function should get customer settings 1`] = `
Object {
  "data": Object {
    "allowDriverPayments": false,
    "allowOrderSplit": false,
    "autoDispatchOrders": false,
    "capacityUnitSetting": Object {
      "capacityUnit": Object {
        "abbreviation": "Location",
        "createdAt": "2018-05-02 03:28:22",
        "id": 1,
        "unitOfMeasure": "Location",
        "updatedAt": "2018-05-02 03:28:22",
      },
      "capacityUnitId": 1,
      "createdAt": "2018-05-02 03:30:29",
      "deletedAt": null,
      "id": 83,
      "updatedAt": "2018-05-02 03:30:29",
    },
    "createdAt": "2018-03-13 08:25:28",
    "customer3pls": Array [],
    "customerId": 14821,
    "dateFormat": "DD-MM-YYYY",
    "fleetTypeIds": Array [
      1,
    ],
    "id": 88,
    "identityId": 1,
    "logisticsModelId": 2,
    "logisticsModelName": "Transportation",
    "nextDayDelivery": false,
    "orderBroadcastDaysToDelivery": 0,
    "orderCreationSettingId": null,
    "orderDispatchSequenceSettings": Array [],
    "orderSmsSettingsId": null,
    "orderUpdateTransactionSubcustomersSettingId": null,
    "routePlanningModeId": 1,
    "settingRouteSettings": Array [
      Object {
        "createdAt": "2019-03-27 03:18:02",
        "deletedAt": null,
        "id": 1304,
        "routeSetting": Object {
          "assignTaggedDrivers": 0,
          "autoDispatch": 0,
          "considerAverageTimePerDropOff": 1,
          "considerDeliveryWindows": 0,
          "considerDistanceOverTimeWindow": 1,
          "considerEndDepot": 0,
          "considerOrderPairing": 1,
          "considerRouteRenewals": 0,
          "considerTimeWindows": 1,
          "considerVehicleMaxCapacity": 1,
          "considerVehicleSpecialty": 1,
          "createdAt": "2019-03-27 03:18:02",
          "deletedAt": null,
          "groupRouteSettingType": Object {
            "createdAt": "2019-03-27 03:18:02",
            "customerId": 14821,
            "deletedAt": null,
            "displayName": "Mix",
            "id": 235,
            "identityId": 1,
            "routingModelId": 3,
            "transactionGroupId": 185,
            "updatedAt": "2019-03-27 03:18:02",
          },
          "groupRouteSettingTypeId": 235,
          "hardAssignDrivers": 1,
          "id": 1303,
          "includeAverageSpeedOfVehicle": 0,
          "includeDriverAvailability": 1,
          "maxViolationTimeInMinutes": 10,
          "serviceTimeInSeconds": 1800,
          "softAssignDrivers": 0,
          "updatedAt": "2019-03-27 03:18:02",
          "useGeofence": 0,
        },
        "routeSettingId": 1303,
        "settingId": 88,
        "updatedAt": "2019-03-27 03:18:02",
      },
    ],
    "transactionGroupId": 185,
    "updatedAt": "2019-08-22 09:22:04",
  },
}
`;
